client/src/lib/fingerprint.ts(11,17): error TS2339: Property 'deviceMemory' does not exist on type 'Navigator'.
client/src/lib/fingerprint.ts(18,21): error TS2339: Property 'openDatabase' does not exist on type 'Window & typeof globalThis'.
server/storage.ts(847,5): error TS2322: Type '{ id: string; firstName: string; lastName: string; identity: string; phone: string; email: string; passwordHash: string; referralCode: string; referredBy: string | null; role: string | null; ... 16 more ...; teamKey: { ...; } | null; }[]' is not assignable to type '({ identity: string; phone: string; email: string; referralCode: string; role: string | null; id: string; firstName: string; lastName: string; passwordHash: string; referredBy: string | null; ... 16 more ...; emailVerifiedAt: Date | null; } & { ...; })[]'.
  Type '{ id: string; firstName: string; lastName: string; identity: string; phone: string; email: string; passwordHash: string; referralCode: string; referredBy: string | null; role: string | null; ... 16 more ...; teamKey: { ...; } | null; }' is not assignable to type '{ identity: string; phone: string; email: string; referralCode: string; role: string | null; id: string; firstName: string; lastName: string; passwordHash: string; referredBy: string | null; ... 16 more ...; emailVerifiedAt: Date | null; } & { ...; }'.
    Property 'emailVerifiedAt' is missing in type '{ id: string; firstName: string; lastName: string; identity: string; phone: string; email: string; passwordHash: string; referralCode: string; referredBy: string | null; role: string | null; ... 16 more ...; teamKey: { ...; } | null; }' but required in type '{ identity: string; phone: string; email: string; referralCode: string; role: string | null; id: string; firstName: string; lastName: string; passwordHash: string; referredBy: string | null; ... 16 more ...; emailVerifiedAt: Date | null; }'.
server/storage.ts(965,7): error TS2322: Type '{ id: string; firstName: string; lastName: string; email: string; identity: string; phone: string; passwordHash: string; referralCode: string; referredBy: string | null; totalEarnings: string | null; ... 15 more ...; permissions: unknown; }[]' is not assignable to type '{ identity: string; phone: string; email: string; referralCode: string; role: string | null; id: string; firstName: string; lastName: string; passwordHash: string; referredBy: string | null; ... 16 more ...; emailVerifiedAt: Date | null; }[]'.
  Property 'emailVerifiedAt' is missing in type '{ id: string; firstName: string; lastName: string; email: string; identity: string; phone: string; passwordHash: string; referralCode: string; referredBy: string | null; totalEarnings: string | null; ... 15 more ...; permissions: unknown; }' but required in type '{ identity: string; phone: string; email: string; referralCode: string; role: string | null; id: string; firstName: string; lastName: string; passwordHash: string; referredBy: string | null; ... 16 more ...; emailVerifiedAt: Date | null; }'.
